2021-06-21 12:33:54,313 - INFO - Addition function started
2021-06-21 12:33:54,314 - WARNING -  3 Arguments should be given
2021-06-21 12:33:54,314 - INFO - 1
2021-06-21 12:33:54,314 - INFO - 2
2021-06-21 12:33:54,314 - INFO - 3
2021-06-21 12:33:54,315 - INFO - 6
